// Jest Snapshot v1, https://goo.gl/fbAQLP

exports[`Success snackbar Row renders Success snackbar Row 1`] = `null`;
