// Jest Snapshot v1, https://goo.gl/fbAQLP

exports[`Home renders Home component 1`] = `
<div
  className=""
  style={
    Object {
      "padding": "5%",
      "paddingLeft": "6%",
      "paddingTop": "0%",
    }
  }
>
  <div
    className=""
    style={
      Object {
        "flexGrow": 1,
        "overflow": "auto",
      }
    }
  >
    <header
      className="MuiPaper-root-106 MuiPaper-elevation4-112 MuiAppBar-root-98 MuiAppBar-positionStatic-102 MuiAppBar-colorPrimary-104"
      style={
        Object {
          "alignItems": "center",
          "backgroundColor": "white",
          "boxShadow": "none",
          "paddingRight": 18,
        }
      }
    >
      <div
        className="MuiToolbar-root-133 MuiToolbar-regular-135 MuiToolbar-gutters-134"
      />
    </header>
  </div>
  <div
    className="MuiGrid-container-1 MuiGrid-spacing-xs-24-25"
    style={
      Object {
        "paddingTop": "2%",
      }
    }
  />
  <hr
    className="MuiDivider-root-137"
    style={
      Object {
        "marginRight": 18,
        "marginTop": 64,
      }
    }
  />
  <div
    className="MuiGrid-container-1 MuiGrid-spacing-xs-24-25"
  >
    <div
      className="MuiGrid-item-2 MuiGrid-grid-xs-12-41 MuiGrid-grid-md-8-65"
      style={
        Object {
          "marginRight": 24,
        }
      }
    />
    <div
      className="MuiGrid-item-2 MuiGrid-grid-xs-12-41 MuiGrid-grid-md-3-60"
    >
      <h2
        className="MuiTypography-root-141 MuiTypography-title-147"
        style={
          Object {
            "fontWeight": "bold",
            "marginLeft": 24,
            "marginTop": 32,
          }
        }
      >
        Top story of Hexanews
      </h2>
      <hr
        className="MuiDivider-root-137"
        style={
          Object {
            "marginLeft": 24,
            "marginTop": 20,
          }
        }
      />
      <div
        className=""
        style={
          Object {
            "marginLeft": 36,
          }
        }
      />
    </div>
  </div>
</div>
`;
